
ABHISHEK JHA@AJsSystem MINGW64 ~
$ cd Desktop

ABHISHEK JHA@AJsSystem MINGW64 ~/Desktop
$ mkdir project_dir

ABHISHEK JHA@AJsSystem MINGW64 ~/Desktop
$ cd project_dir/

ABHISHEK JHA@AJsSystem MINGW64 ~/Desktop/project_dir
$ git init
Initialized empty Git repository in C:/Users/ABHISHEK JHA/Desktop/project_dir/.git/

ABHISHEK JHA@AJsSystem MINGW64 ~/Desktop/project_dir (master)
$ touch index.html

ABHISHEK JHA@AJsSystem MINGW64 ~/Desktop/project_dir (master)
$ git status
On branch master

No commits yet

Untracked files:
  (use "git add <file>..." to include in what will be committed)
        index.html

nothing added to commit but untracked files present (use "git add" to track)

ABHISHEK JHA@AJsSystem MINGW64 ~/Desktop/project_dir (master)
$ git add index.html

ABHISHEK JHA@AJsSystem MINGW64 ~/Desktop/project_dir (master)
$ git commit -m ' Changed '
[master (root-commit) 44f1039]  Changed
 1 file changed, 0 insertions(+), 0 deletions(-)
 create mode 100644 index.html

ABHISHEK JHA@AJsSystem MINGW64 ~/Desktop/project_dir (master)
$ touch info.txt

ABHISHEK JHA@AJsSystem MINGW64 ~/Desktop/project_dir (master)
$ git status
On branch master
Changes not staged for commit:
  (use "git add <file>..." to update what will be committed)
  (use "git restore <file>..." to discard changes in working directory)
        modified:   index.html

Untracked files:
  (use "git add <file>..." to include in what will be committed)
        info.txt

no changes added to commit (use "git add" and/or "git commit -a")

ABHISHEK JHA@AJsSystem MINGW64 ~/Desktop/project_dir (master)
$ touch .gitignore

ABHISHEK JHA@AJsSystem MINGW64 ~/Desktop/project_dir (master)
$ git status
On branch master
Changes not staged for commit:
  (use "git add <file>..." to update what will be committed)
  (use "git restore <file>..." to discard changes in working directory)
        modified:   index.html

Untracked files:
  (use "git add <file>..." to include in what will be committed)
        .gitignore

no changes added to commit (use "git add" and/or "git commit -a")

ABHISHEK JHA@AJsSystem MINGW64 ~/Desktop/project_dir (master)
